[1/3] Building CXX object CMakeFiles/ImGuiTest.dir/src/App.cpp.obj
FAILED: [code=1] CMakeFiles/ImGuiTest.dir/src/App.cpp.obj 
C:\PROGRA~2\mingw64\bin\C__~1.EXE -DGLFW_DLL -I"C:/Users/TECH MIND/Desktop/work/Cpp/my Cpp ImGUI test/include" -isystem C:/Dev/vcpkg/installed/x64-windows/include/opencv4 -isystem C:/Dev/vcpkg/installed/x64-windows/include -std=gnu++17 -MD -MT CMakeFiles/ImGuiTest.dir/src/App.cpp.obj -MF CMakeFiles\ImGuiTest.dir\src\App.cpp.obj.d -o CMakeFiles/ImGuiTest.dir/src/App.cpp.obj -c "C:/Users/TECH MIND/Desktop/work/Cpp/my Cpp ImGUI test/src/App.cpp"
C:/Users/TECH MIND/Desktop/work/Cpp/my Cpp ImGUI test/src/App.cpp: In member function 'bool App::StartCamera()':
C:/Users/TECH MIND/Desktop/work/Cpp/my Cpp ImGUI test/src/App.cpp:38:55: error: 'GL_CLAMP_TO_EDGE' was not declared in this scope
   38 |     glTexParameteri(GL_TEXTURE_2D, GL_TEXTURE_WRAP_S, GL_CLAMP_TO_EDGE);
      |                                                       ^~~~~~~~~~~~~~~~
[2/3] Building CXX object CMakeFiles/ImGuiTest.dir/src/UI.cpp.obj
FAILED: [code=1] CMakeFiles/ImGuiTest.dir/src/UI.cpp.obj 
C:\PROGRA~2\mingw64\bin\C__~1.EXE -DGLFW_DLL -I"C:/Users/TECH MIND/Desktop/work/Cpp/my Cpp ImGUI test/include" -isystem C:/Dev/vcpkg/installed/x64-windows/include/opencv4 -isystem C:/Dev/vcpkg/installed/x64-windows/include -std=gnu++17 -MD -MT CMakeFiles/ImGuiTest.dir/src/UI.cpp.obj -MF CMakeFiles\ImGuiTest.dir\src\UI.cpp.obj.d -o CMakeFiles/ImGuiTest.dir/src/UI.cpp.obj -c "C:/Users/TECH MIND/Desktop/work/Cpp/my Cpp ImGUI test/src/UI.cpp"
C:/Users/TECH MIND/Desktop/work/Cpp/my Cpp ImGUI test/src/UI.cpp: In function 'void RenderUI(GLFWwindow*, App&)':
C:/Users/TECH MIND/Desktop/work/Cpp/my Cpp ImGUI test/src/UI.cpp:149:22: error: invalid conversion from 'void*' to 'ImTextureID' {aka 'long long unsigned int'} [-fpermissive]
  149 |         ImGui::Image((void*)(intptr_t)app.cameraTexture, size);
      |                      ^~~~~~~~~~~~~~~~~~~~~~~~~~~~~~~~~~
      |                      |
      |                      void*
In file included from C:/Users/TECH MIND/Desktop/work/Cpp/my Cpp ImGUI test/src/UI.cpp:2:
C:/Dev/vcpkg/installed/x64-windows/include/imgui.h:571:47: note: initializing argument 1 of 'void ImGui::Image(ImTextureID, const ImVec2&, const ImVec2&, const ImVec2&)'
  571 |     IMGUI_API void          Image(ImTextureID user_texture_id, const ImVec2& image_size, const ImVec2& uv0 = ImVec2(0, 0), const ImVec2& uv1 = ImVec2(1, 1));
      |                                   ~~~~~~~~~~~~^~~~~~~~~~~~~~~
ninja: build stopped: subcommand failed.
